// Jest Snapshot v1, https://goo.gl/fbAQLP

exports[`Paginator snapshot 1`] = `
<nav>
  <ul
    className="pagination"
  >
    <li
      className="page-item"
    >
      <a
        className="page-link"
        href="/"
        onClick={[Function]}
      >
        1
      </a>
    </li>
    <li
      className="page-item"
    >
      <a
        className="page-link"
        href="/page/2"
        onClick={[Function]}
      >
        2
      </a>
    </li>
    <li
      className="page-item"
    >
      <a
        className="page-link"
        href="/page/3"
        onClick={[Function]}
      >
        3
      </a>
    </li>
    <li
      className="page-item"
    >
      <a
        className="page-link"
        href="/page/4"
        onClick={[Function]}
      >
        4
      </a>
    </li>
    <li
      className="page-item"
    >
      <a
        className="page-link"
        href="/page/5"
        onClick={[Function]}
      >
        5
      </a>
    </li>
    <li
      className="page-item"
    >
      <a
        className="page-link"
        href="/page/6"
        onClick={[Function]}
      >
        6
      </a>
    </li>
    <li
      className="page-item"
    >
      <a
        className="page-link"
        href="/page/7"
        onClick={[Function]}
      >
        7
      </a>
    </li>
    <li
      className="page-item"
    >
      <a
        className="page-link"
        href="/page/8"
        onClick={[Function]}
      >
        8
      </a>
    </li>
    <li
      className="page-item"
    >
      <a
        className="page-link"
        href="/page/9"
        onClick={[Function]}
      >
        9
      </a>
    </li>
    <li
      className="page-item active"
    >
      <a
        className="page-link"
        href="/page/10"
        onClick={[Function]}
      >
        10
      </a>
    </li>
    <li
      className="page-item"
    >
      <a
        className="page-link"
        href="/page/11"
        onClick={[Function]}
      >
        11
      </a>
    </li>
  </ul>
</nav>
`;
